C51 COMPILER V9.60.7.0   MENU                                                              04/06/2025 01:40:29 PAGE 1   


C51 COMPILER V9.60.7.0, COMPILATION OF MODULE MENU
OBJECT MODULE PLACED IN .\Objects\Menu.obj
COMPILER INVOKED BY: D:\Keli5\C51\BIN\C51.EXE ..\Driver\Src\Menu.c OPTIMIZE(8,SPEED) BROWSE INCDIR(..\User\Inc;..\Driver
                    -\Inc;.\SYS) DEBUG OBJECTEXTEND PRINT(.\Listings\Menu.lst) OBJECT(.\Objects\Menu.obj)

line level    source

   1          /**
   2           * @file Menu.c
   3           * @author 九千九百九十九
   4           * @brief 此为链表操作的底层
   5           * @version 0.2
   6           * @date 2025-03-31
   7           * 
   8           * @copyright Copyright (c) 2025
   9           * 
  10           */
  11          #include "Menu.h"
  12          
  13          // 当前菜单指针，指向当前激活的菜单项
  14          pdata menu_node_t *current_menu = NULL;
  15          
  16          /**
  17           * @brief 注册一个界面
  18           * 
  19           * @param pmenu 对应界面的指针
  20           * @param id 界面ID 0xAB    A：主级数   B：次级数
  21           * @param pfunc 该界面显示的相关函数
  22           * @param parent 父级界面
  23           * @param child 子级界面
  24           * @param next 同级下一个界面
  25           * @param prev 同级上一个界面
  26           */
  27          void Menu_Add(menu_node_t *pmenu,
  28                        uint8_t id,
  29                        menu_update_func_t pfunc,
  30                        menu_node_t *parent,
  31                        menu_node_t *child,
  32                        menu_node_t *next,
  33                        menu_node_t *prev)
  34          {
  35   1          pmenu->menu_id = id;
  36   1          pmenu->menu_func = pfunc;
  37   1          pmenu->menu_parent = parent;
  38   1          pmenu->menu_child = child;
  39   1          pmenu->menu_next = next;
  40   1          pmenu->menu_prev = prev;
  41   1      }
  42          
  43          /**
  44           * @brief 切换到下一个同级菜单
  45           * 
  46           * @details 将当前菜单指针移动到下一个同级菜单，并更新显示
  47           */
  48          void Menu_MoveNext(void)
  49          {
  50   1          if (current_menu && current_menu->menu_next)
  51   1          {
  52   2              current_menu = current_menu->menu_next; // 切换到下一个菜单
  53   2          }
  54   1      }
C51 COMPILER V9.60.7.0   MENU                                                              04/06/2025 01:40:29 PAGE 2   

  55          
  56          /**
  57           * @brief 切换到上一个同级菜单
  58           * 
  59           * @details 将当前菜单指针移动到上一个同级菜单，并更新显示
  60           */
  61          void Menu_MovePrev(void)
  62          {
  63   1          if (current_menu && current_menu->menu_prev)
  64   1          {
  65   2              current_menu = current_menu->menu_prev; // 切换到上一个菜单
  66   2          }
  67   1      }
  68          
  69          /**
  70           * @brief 进入子菜单
  71           * 
  72           * @details 如果当前菜单有子菜单，则进入子菜单并更新显示
  73           */
  74          void Menu_MoveChild(void)
  75          {
  76   1          while (current_menu->menu_prev) //只有在最高级的界面才可以进入下一个级别的界面
  77   1          {
  78   2              Menu_MovePrev();
  79   2          }
  80   1          if (current_menu && current_menu->menu_child)
  81   1          {
  82   2              current_menu = current_menu->menu_child; // 进入子菜单
  83   2          }
  84   1      }
  85          
  86          /**
  87           * @brief 返回父菜单
  88           * 
  89           * @details 如果当前菜单有父菜单，则返回父菜单并更新显示
  90           */
  91          void Menu_MoveParent(void)
  92          {
  93   1          while (current_menu->menu_prev)
  94   1          {
  95   2              Menu_MovePrev();
  96   2          }
  97   1          if (current_menu && current_menu->menu_parent)
  98   1          {
  99   2              current_menu = current_menu->menu_parent; // 返回父菜单
 100   2          }
 101   1      }
 102          
 103          /**
 104           * @brief 更新当前菜单显示
 105           * 
 106           * @details 调用当前菜单的更新函数，刷新显示缓冲区内容
 107           *          此函数应定期被任务调度器调用，以保持显示内容的实时性
 108           */
 109          void Menu_Update(void)
 110          {
 111   1          if (current_menu && current_menu->menu_func)
 112   1          {
 113   2              current_menu->menu_func(); // 调用当前菜单的更新函数
 114   2          }
 115   1      }

C51 COMPILER V9.60.7.0   MENU                                                              04/06/2025 01:40:29 PAGE 3   


MODULE INFORMATION:   STATIC OVERLAYABLE
   CODE SIZE        =    485    ----
   CONSTANT SIZE    =   ----    ----
   XDATA SIZE       =   ----    ----
   PDATA SIZE       =      3    ----
   DATA SIZE        =   ----      19
   IDATA SIZE       =   ----    ----
   BIT SIZE         =   ----    ----
END OF MODULE INFORMATION.


C51 COMPILATION COMPLETE.  0 WARNING(S),  0 ERROR(S)
